// Jest Snapshot v1, https://goo.gl/fbAQLP

exports[`Featured renders correctly 1`] = `
<div
  className="play-container"
>
  <div
    className="play-button"
  >
    â–º
  </div>
</div>
`;
