// Jest Snapshot v1, https://goo.gl/fbAQLP

exports[`Featured renders correctly 1`] = `
<div
  className="container"
>
  <div
    className="featured"
  >
    featured
  </div>
</div>
`;
